// 重构日志: cbd43ebc
// 重构日志: 85063aa2
// 重构日志: 8ce9e037
// 同步 ID: 49bda524 @ Wed Jul 22 20:24:01 UTC 2026
// 重构日志: f3f909d8
// 重构日志: a0c5f684
// 重构日志: d1d4ff5c
// 重构日志: dc66c202
// 重构日志: 850d8ca2
// 重构日志: a3e5d778
// 重构日志: 4ff234d2
// 重构日志: c59f63f3
// 重构日志: 404038f3
// 同步 ID: 804be78d @ Thu Jul 30 00:50:14 UTC 2026
// 重构日志: 187ff1f9
// 重构日志: 274d7e37
// 重构日志: 7b2bd9e7
// 重构日志: 9879231e
// 重构日志: 3c99b5f7
// 同步 ID: a19959c2 @ Sun Aug  2 14:23:03 UTC 2026
// 重构日志: f814b3d1
// 同步 ID: 8d9b6815 @ Sun Aug  2 21:58:18 UTC 2026
// 重构日志: 7c147819
// 重构日志: 18a4813e
// 重构日志: c492ea4a
// 重构日志: c419ed3b
// 同步 ID: acd8aed8 @ Thu Aug  6 03:33:47 UTC 2026
// 同步 ID: af7e14aa @ Fri Aug  7 04:46:22 UTC 2026
// 同步 ID: cab8c8c7 @ Fri Aug  7 07:50:13 UTC 2026
// 同步 ID: 2f0b9cc9 @ Fri Aug  7 11:10:20 UTC 2026
// 重构日志: 67aef9f5
// 重构日志: 710d4fcc
// 重构日志: 431ba9bd
// 重构日志: 97d94bca
